Authoritative: Yes, Recursive: Yes, Truncated: No
Question section (1)
 www.fit.vutbr.cz., A, IN
Answer section (1)
 www.fit.vutbr.cz., A, IN, 0, 147.229.9.23
Authority section (0)
Additional section (0)
