Authoritative: No, Recursive: Yes, Truncated: No
Question section (1)
 www.google.com., AAAA, IN
Answer section (1)
 www.google.com., AAAA, IN, 0, 2a00:1450:4014:80f::2004
Authority section (0)
Additional section (0)
