Authoritative: Yes, Recursive: Yes, Truncated: No
Question section (1)
 23.9.229.147.in-addr.arpa., PTR, IN
Answer section (1)
 23.9.229.147.in-addr.arpa., PTR, IN, 0, www.fit.vutbr.cz.
Authority section (0)
Additional section (0)
