Error: Source address is missing for the options -s
